// Jest Snapshot v1, https://goo.gl/fbAQLP

exports[`matches snapshot 1`] = `
<DocumentFragment>
  <form
    class="NewBoxForm"
  >
    <h3>
      ADD NEW COLOR BOX
    </h3>
    <div>
      <label
        for="width"
      >
        Width: 
      </label>
      <input
        id="width"
        min="1"
        name="width"
        type="number"
        value=""
      />
    </div>
    <div>
      <label
        for="height"
      >
        Height: 
      </label>
      <input
        id="height"
        min="1"
        name="height"
        type="number"
        value=""
      />
    </div>
    <div>
      <label
        for="color"
      >
        Color: 
      </label>
      <input
        id="color"
        name="color"
        type="text"
        value=""
      />
    </div>
    <button
      class="NewBoxForm-addBtn"
    >
      Add
    </button>
    <hr />
  </form>
</DocumentFragment>
`;
